// Jest Snapshot v1, https://goo.gl/fbAQLP

exports[` 1`] = `undefined`;

exports[`Authors view Snapshot 1`] = `
<div id="authors">
  <h2>Authors</h2>
  <p>This is a reference for SF authors of <em>significance</em>, that is an author that has either won or been nominated for a literary award for a text that is recgnised as Science Fiction.</p>
  <div class="md-layout">
    <div class="md-layout-item">
      <router-view-stub></router-view-stub>
    </div>
    <div class="md-layout-item">
      <app-author-table-stub authorlist="strategic"></app-author-table-stub>
    </div>
  </div>
</div>
`;
